// Jest Snapshot v1, https://goo.gl/fbAQLP

exports[`<AdminPage/> Test Suite should render the <AdminPage/> page unchanged 1`] = `
<div>
  <section
    class="Main"
  >
    <div
      class="Navbar"
    >
      <div>
        Admin
      </div>
      <div>
        <button
          type="submit"
        >
          <a
            href="/api/auth/logout"
          >
            Logout
          </a>
        </button>
      </div>
    </div>
    <section
      class="Section"
    >
      <a
        class="SectionLinkItem"
        href="/admin/post"
      >
        <div>
          Blog Posts
        </div>
      </a>
    </section>
  </section>
</div>
`;
