// Jest Snapshot v1, https://goo.gl/fbAQLP

exports[`<PostPage/> Test Suite should render the <PostPage/> page unchanged 1`] = `
<div>
  <section
    class="Main"
  >
    <div
      class="Navbar"
    >
      <div>
        Admin
      </div>
      <div>
        <button
          type="submit"
        >
          Logout
        </button>
      </div>
    </div>
    <a
      class="Link"
      href="/admin"
    >
      <div
        class="Button"
        style="color: black; background-color: transparent;"
      >
        <div>
          &lt;- Back
        </div>
      </div>
    </a>
    <div
      class="CreateButton"
    >
      <a
        class="Link"
        href="/admin/post/create"
      >
        <div
          class="Button"
        >
          <div>
            Create Post
          </div>
        </div>
      </a>
    </div>
    <div
      class="BlogPost"
    >
      <div>
        No posts
      </div>
    </div>
  </section>
</div>
`;
