// Jest Snapshot v1, https://goo.gl/fbAQLP

exports[`<Navbar/> Test Suite should render the <Navbar/> component unchanged 1`] = `
<div>
  <div
    class="Navbar"
  >
    <div>
      Admin
    </div>
    <div>
      <button
        type="submit"
      >
        <a
          href="/api/auth/logout"
        >
          Logout
        </a>
      </button>
    </div>
  </div>
</div>
`;
